<?xml version='1.0' encoding='UTF-8'?>
<caom2:Observation xmlns:caom2="http://www.opencadc.org/caom2/xml/v2.4" xmlns:xsi="http://www.w3.org/2001/XMLSchema-instance" xsi:type="caom2:SimpleObservation" caom2:id="9d06ef0e-86ba-4769-9a23-25e03a1f8339" caom2:metaProducer="wallaby2caom2/0.2.0">
  <caom2:collection>WALLABY</caom2:collection>
  <caom2:observationID>WALLABY_J100342-270138_Vel.single</caom2:observationID>
  <caom2:metaRelease>2023-01-01T00:00:00.000</caom2:metaRelease>
  <caom2:algorithm>
    <caom2:name>exposure</caom2:name>
  </caom2:algorithm>
  <caom2:type>OBJECT</caom2:type>
  <caom2:intent>science</caom2:intent>
  <caom2:proposal>
    <caom2:id>WALLABY_J100342-270138_cube_Vel.fits</caom2:id>
    <caom2:project>WALLABY</caom2:project>
    <caom2:title>WALLABY</caom2:title>
  </caom2:proposal>
  <caom2:instrument>
    <caom2:name>ASKAP</caom2:name>
  </caom2:instrument>
  <caom2:planes>
    <caom2:plane caom2:id="0dac0e2e-9647-4517-b784-5a88a45e5944" caom2:metaProducer="wallaby2caom2/0.2.0">
      <caom2:productID>source_cube</caom2:productID>
      <caom2:metaRelease>2023-01-01T00:00:00.000</caom2:metaRelease>
      <caom2:dataRelease>2023-01-01T00:00:00.000</caom2:dataRelease>
      <caom2:dataProductType>cube</caom2:dataProductType>
      <caom2:calibrationLevel>2</caom2:calibrationLevel>
      <caom2:provenance>
        <caom2:name>SoFiA 2.2.1</caom2:name>
        <caom2:project>WALLABY</caom2:project>
        <caom2:producer>CSIRO</caom2:producer>
      </caom2:provenance>
      <caom2:artifacts>
        <caom2:artifact caom2:id="b46c2ba1-ca81-49ed-b146-eb978a91ff12" caom2:metaProducer="wallaby2caom2/0.2.0">
          <caom2:uri>cadc:WALLABY/WALLABY_J100342-270138_cube_Vel.fits.single_gfit.0.e.fits</caom2:uri>
          <caom2:productType>science</caom2:productType>
          <caom2:releaseType>data</caom2:releaseType>
          <caom2:parts>
            <caom2:part caom2:id="f6e01a57-62ae-4392-b686-b424d8b7457f">
              <caom2:name>0</caom2:name>
              <caom2:chunks>
                <caom2:chunk caom2:id="1785de4c-d638-4ce3-b6b3-eaebae651ae8" caom2:metaProducer="wallaby2caom2/0.2.0">
                  <caom2:naxis>2</caom2:naxis>
                  <caom2:positionAxis1>1</caom2:positionAxis1>
                  <caom2:positionAxis2>2</caom2:positionAxis2>
                  <caom2:position>
                    <caom2:axis>
                      <caom2:axis1>
                        <caom2:ctype>RA---SIN</caom2:ctype>
                        <caom2:cunit>deg</caom2:cunit>
                      </caom2:axis1>
                      <caom2:axis2>
                        <caom2:ctype>DEC--SIN</caom2:ctype>
                        <caom2:cunit>deg</caom2:cunit>
                      </caom2:axis2>
                      <caom2:function>
                        <caom2:dimension>
                          <caom2:naxis1>94</caom2:naxis1>
                          <caom2:naxis2>81</caom2:naxis2>
                        </caom2:dimension>
                        <caom2:refCoord>
                          <caom2:coord1>
                            <caom2:pix>-1567.0</caom2:pix>
                            <caom2:val>153.949308333</caom2:val>
                          </caom2:coord1>
                          <caom2:coord2>
                            <caom2:pix>-151.0</caom2:pix>
                            <caom2:val>-27.3743805556</caom2:val>
                          </caom2:coord2>
                        </caom2:refCoord>
                        <caom2:cd11>-0.00166666666667</caom2:cd11>
                        <caom2:cd12>0.0</caom2:cd12>
                        <caom2:cd21>0.0</caom2:cd21>
                        <caom2:cd22>0.00166666666667</caom2:cd22>
                      </caom2:function>
                    </caom2:axis>
                    <caom2:coordsys>FK5</caom2:coordsys>
                    <caom2:equinox>2000.0</caom2:equinox>
                    <caom2:resolution>30.087508608546006</caom2:resolution>
                  </caom2:position>
                </caom2:chunk>
              </caom2:chunks>
            </caom2:part>
          </caom2:parts>
        </caom2:artifact>
      </caom2:artifacts>
    </caom2:plane>
  </caom2:planes>
</caom2:Observation>
